Drill report for PIC16DevKit.kicad_pcb
Created on 2025-01-01T10:19:48+0700

Copper Layer Stackup:
    =============================================================
    L1 :  F.Cu                      front
    L2 :  In1.Cu                    in1
    L3 :  In2.Cu                    in2
    L4 :  B.Cu                      back


Drill file 'PIC16DevKit-PTH-drl.gbr' contains
    plated through holes:
    =============================================================
    T1  0.300mm  0.0118"  (302 holes)
    T2  0.500mm  0.0197"  (4 holes)  (with 4 slots)
    T3  0.550mm  0.0217"  (4 holes)
    T4  1.000mm  0.0394"  (42 holes)

    Total plated holes count 352


Drill file 'PIC16DevKit-NPTH-drl.gbr' contains
    unplated through holes:
    =============================================================
    T1  0.650mm  0.0256"  (2 holes)
    T2  1.700mm  0.0669"  (1 hole)
    T3  1.800mm  0.0709"  (1 hole)
    T4  3.200mm  0.1260"  (4 holes)

    Total unplated holes count 8
